Microchip MPLAB XC8 Compiler V3.10

Linker command line:

-W-3 --edf=c:\PROGRA~1\MICROC~1\xc8\v3.10\pic\dat\20250813170317_en.msgs \
  -cn \
  -h+C:\Users\adria\OneDrive\Documente\Mplabx_projects\TestarePorturiIn.X\out\TestarePorturiIn\default.sym \
  --cmf=C:\Users\adria\OneDrive\Documente\Mplabx_projects\TestarePorturiIn.X\out\TestarePorturiIn\default.cmf \
  -z -Q18F67K40 -oC:\Users\adria\AppData\Local\Temp\xcAsug.0\driver_tmp_3.o \
  --defsym=__MPLAB_BUILD=1 --fixupoverflow=error -Mmem.map \
  --md=C:\Users\adria\AppData\Local\Temp\xcAsug.0\driver_tmp_0.dat -E1 \
  -ver=XC8 Compiler -ACODE=00h-01FFFFh -ACONST=00h-01FFFFh \
  -ASMALLCONST=0E00h-0EFFhx242,010E00h-010EFFhx242 \
  -AMEDIUMCONST=0E00h-0FFFFh,010E00h-01FFFFh -ACOMRAM=01h-05Fh \
  -AABS1=00h-0DE9h -ABIGRAM=01h-0DE9h \
  -ARAM=060h-0FFh,0100h-01FFhx12,0D00h-0DE9h -ABANK0=060h-0FFh \
  -ABANK1=0100h-01FFh -ABANK2=0200h-02FFh -ABANK3=0300h-03FFh \
  -ABANK4=0400h-04FFh -ABANK5=0500h-05FFh -ABANK6=0600h-06FFh \
  -ABANK7=0700h-07FFh -ABANK8=0800h-08FFh -ABANK9=0900h-09FFh \
  -ABANK10=0A00h-0AFFh -ABANK11=0B00h-0BFFh -ABANK12=0C00h-0CFFh \
  -ABANK13=0D00h-0DE9h \
  -ASFR=0DEFh-0DFFh,0E00h-0EFFh,0F00h-0F5Fh,0F60h-0FFFh \
  -ABIGSFR=0DEFh-0FFFh -ACONFIG=0300000h-030000Bh -AIDLOC=0200000h-020000Fh \
  -AEEDATA=0310000h-03103FFh -peeprom_data=EEDATA \
  -preset_vec=00h,intcode=8h,intcodelo=18h,sivt_lo,sivt_hi=CODE \
  -ppowerup=CODE,init -pramtop=0E00h -psmallconst=SMALLCONST \
  -pmediumconst=MEDIUMCONST -pconst=CONST -AFARRAM=00h-00h \
  -prdata=COMRAM,nvrram=COMRAM,nvbit=COMRAM,rbss=COMRAM,rbit=COMRAM \
  -pfarbss=FARRAM,fardata=FARRAM,nvFARRAM=FARRAM \
  -pintsave_regs=BIGRAM,bigbss=BIGRAM,bigdata=BIGRAM -pbss=RAM \
  -pidata=CODE,irdata=CODE,ibigdata=CODE,ifardata=CODE -prparam=COMRAM \
  C:\Users\adria\AppData\Local\Temp\xcAsug.0\driver_tmp_9.o \
  C:\Users\adria\OneDrive\Documente\Mplabx_projects\TestarePorturiIn.X\out\TestarePorturiIn\default.o 

Object code version is 3.11

Machine type is 18F67K40



                Name                               Link     Load   Length Selector   Space Scale
C:\Users\adria\AppData\Local\Temp\xcAsug.0\driver_tmp_9.o
                config                           300000   300000        C        0       4
                init                              1FFFC    1FFFC        4     FFFE       0
                reset_vec                             0        0        4        0       0
C:\Users\adria\OneDrive\Documente\Mplabx_projects\TestarePorturiIn.X\out\TestarePorturiIn\default.o
                config                           300000   300000        C        0       4
                smallconst                          E00      E00       60      700       0
                text16                             125A     125A       28      730       0
                text15                             1322     1322        6      730       0
                text14                             1160     1160       52      730       0
                text13                             10A2     10A2       62      730       0
                text12                              F3C      F3C       BE      730       0
                text11                             12D8     12D8       12      730       0
                text10                             12A4     12A4       22      730       0
                text9                              1282     1282       22      730       0
                text8                              11EE     11EE       3A      730       0
                text7                              1314     1314        E      730       0
                text6                              1306     1306        E      730       0
                text5                              12F8     12F8        E      730       0
                text4                              12EA     12EA        E      730       0
                text3                              1104     1104       5C      730       0
                text2                               FFA      FFA       A8      730       0
                text1                              12C6     12C6       12      730       0
                text0                               E60      E60       DC      730       0
                cstackCOMRAM                         51       51        F        1       1
                dataCOMRAM                            1        1       3C        1       1
                bssCOMRAM                            3D       3D       14        1       1
                cinit                              1228     1228       32      730       0
                idataCOMRAM                        11B2     11B2       3C      730       0

TOTAL           Name                               Link     Load   Length     Space
        CLASS   CODE           
                init                              1FFFC    1FFFC        4         0
                reset_vec                             0        0        4         0
                text16                             125A     125A       28         0
                text15                             1322     1322        6         0
                text14                             1160     1160       52         0
                text13                             10A2     10A2       62         0
                text12                              F3C      F3C       BE         0
                text11                             12D8     12D8       12         0
                text10                             12A4     12A4       22         0
                text9                              1282     1282       22         0
                text8                              11EE     11EE       3A         0
                text7                              1314     1314        E         0
                text6                              1306     1306        E         0
                text5                              12F8     12F8        E         0
                text4                              12EA     12EA        E         0
                text3                              1104     1104       5C         0
                text2                               FFA      FFA       A8         0
                text1                              12C6     12C6       12         0
                text0                               E60      E60       DC         0
                cinit                              1228     1228       32         0
                idataCOMRAM                        11B2     11B2       3C         0

        CLASS   CONST          

        CLASS   SMALLCONST     
                smallconst                          E00      E00       60         0

        CLASS   MEDIUMCONST    

        CLASS   COMRAM         
                cstackCOMRAM                         51       51        F         1
                dataCOMRAM                            1        1       3C         1
                bssCOMRAM                            3D       3D       14         1

        CLASS   ABS1           

        CLASS   BIGRAM         

        CLASS   RAM            

        CLASS   BANK0          

        CLASS   BANK1          

        CLASS   BANK2          

        CLASS   BANK3          

        CLASS   BANK4          

        CLASS   BANK5          

        CLASS   BANK6          

        CLASS   BANK7          

        CLASS   BANK8          

        CLASS   BANK9          

        CLASS   BANK10         

        CLASS   BANK11         

        CLASS   BANK12         

        CLASS   BANK13         

        CLASS   SFR            

        CLASS   BIGSFR         

        CLASS   CONFIG         
                config                           300000   300000        C         4

        CLASS   IDLOC          

        CLASS   EEDATA         

        CLASS   FARRAM         

        CLASS   HEAP           

        CLASS   STACK          



SEGMENTS        Name                           Load    Length   Top    Selector   Space  Class

                reset_vec                      000000  000004  000004         0       0  CODE    
                dataCOMRAM                     000001  00005F  000060         1       1  COMRAM  
                smallconst                     000E00  000060  000E60       700       0  SMALLCON
                text0                          000E60  0004C8  001328       730       0  CODE    
                init                           01FFFC  000004  020000      FFFE       0  CODE    


UNUSED ADDRESS RANGES

        Name                Unused          Largest block    Delta
        BANK0            000060-0000FF               A0
        BANK1            000100-0001FF              100
        BANK10           000A00-000AFF              100
        BANK11           000B00-000BFF              100
        BANK12           000C00-000CFF              100
        BANK13           000D00-000DE9               EA
        BANK2            000200-0002FF              100
        BANK3            000300-0003FF              100
        BANK4            000400-0004FF              100
        BANK5            000500-0005FF              100
        BANK6            000600-0006FF              100
        BANK7            000700-0007FF              100
        BANK8            000800-0008FF              100
        BANK9            000900-0009FF              100
        BIGRAM           000060-000DE9              D8A
        BIGSFR           000DEF-000FFF              211
        CODE             000004-000DFF              DFC
                         001328-01FFFB            1ECD4
        CONST            000004-000DFF              DFC
                         001328-01FFFB            1ECD4
        EEDATA           310000-3103FF              400
        IDLOC            200000-20000F               10
        MEDIUMCONST      001328-00FFFF             ECD8
                         010E00-01FFFB             F1FC
        RAM              000060-000DE9              100
        SFR              000DEF-000FFF              100
        SMALLCONST       001328-00FFFF              100
                         010E00-01FFFB              100

                                  Symbol Table

CheckPort@i                                          cstackCOMRAM 00005D
CheckPort@ignoreMask                                 cstackCOMRAM 000058
CheckPort@last                                       cstackCOMRAM 000057
CheckPort@maxPins                                    cstackCOMRAM 000056
CheckPort@now                                        cstackCOMRAM 00005B
CheckPort@portLetter                                 cstackCOMRAM 000055
CheckPort@portValue                                  cstackCOMRAM 00005C
EUSART1_FramingErrorCallbackRegister@callbackHandler cstackCOMRAM 000051
EUSART1_OverrunErrorCallbackRegister@callbackHandler cstackCOMRAM 000051
EUSART1_Write@txData                                 cstackCOMRAM 000051
INT0_SetInterruptHandler@InterruptHandler            cstackCOMRAM 000051
INT1_SetInterruptHandler@InterruptHandler            cstackCOMRAM 000051
INT2_SetInterruptHandler@InterruptHandler            cstackCOMRAM 000051
INT3_SetInterruptHandler@InterruptHandler            cstackCOMRAM 000051
UART_SendPinLow@pin                                  cstackCOMRAM 000053
UART_SendPinLow@portLetter                           cstackCOMRAM 000054
UART_SendString@s                                    cstackCOMRAM 000052
_ANSELA                                              (abs)        000E92
_ANSELB                                              (abs)        000E9A
_ANSELD                                              (abs)        000EA7
_ANSELE                                              (abs)        000EAF
_ANSELF                                              (abs)        000EB4
_ANSELG                                              (abs)        000EBC
_BAUD1CON                                            (abs)        000F9E
_BAUD1CONbits                                        (abs)        000F9E
_CLOCK_Initialize                                    text11       0012D8
_CheckPort                                           text12       000F3C
_EUSART1_AutoBaudQuery                               (abs)        000000
_EUSART1_AutoBaudSet                                 (abs)        000000
_EUSART1_DefaultFramingErrorCallback                 (abs)        000000
_EUSART1_DefaultOverrunErrorCallback                 (abs)        000000
_EUSART1_Deinitialize                                (abs)        000000
_EUSART1_ErrorGet                                    (abs)        000000
_EUSART1_FramingErrorCallbackRegister                text10       0012A4
_EUSART1_FramingErrorHandler                         bssCOMRAM    000040
_EUSART1_Initialize                                  text8        0011EE
_EUSART1_IsRxReady                                   (abs)        000000
_EUSART1_IsTxDone                                    (abs)        000000
_EUSART1_IsTxReady                                   text16       00125A
_EUSART1_IsTxReady$922                               cstackCOMRAM 000051
_EUSART1_OverrunErrorCallbackRegister                text9        001282
_EUSART1_OverrunErrorHandler                         bssCOMRAM    00003D
_EUSART1_Read                                        (abs)        000000
_EUSART1_TransmitDisable                             (abs)        000000
_EUSART1_TransmitEnable                              (abs)        000000
_EUSART1_Write                                       text15       001322
_INLVLA                                              (abs)        000E8E
_INLVLB                                              (abs)        000E96
_INLVLC                                              (abs)        000E9E
_INLVLD                                              (abs)        000EA3
_INLVLE                                              (abs)        000EAB
_INLVLF                                              (abs)        000EB0
_INLVLG                                              (abs)        000EB8
_INLVLH                                              (abs)        000EBD
_INT0_DefaultInterruptHandler                        (abs)        000000
_INT0_InterruptHandler                               bssCOMRAM    00004C
_INT0_SetInterruptHandler                            text7        001314
_INT1_DefaultInterruptHandler                        (abs)        000000
_INT1_InterruptHandler                               bssCOMRAM    000049
_INT1_SetInterruptHandler                            text6        001306
_INT2_DefaultInterruptHandler                        (abs)        000000
_INT2_InterruptHandler                               bssCOMRAM    000046
_INT2_SetInterruptHandler                            text5        0012F8
_INT3_DefaultInterruptHandler                        (abs)        000000
_INT3_InterruptHandler                               bssCOMRAM    000043
_INT3_SetInterruptHandler                            text4        0012EA
_INTCONbits                                          (abs)        000FF2
_INTERRUPT_Initialize                                text3        001104
_IOCBF                                               (abs)        000E93
_IOCBN                                               (abs)        000E94
_IOCBP                                               (abs)        000E95
_IOCCF                                               (abs)        000E9B
_IOCCN                                               (abs)        000E9C
_IOCCP                                               (abs)        000E9D
_IOCEF                                               (abs)        000EA8
_IOCEN                                               (abs)        000EA9
_IOCEP                                               (abs)        000EAA
_IOCGF                                               (abs)        000EB5
_IOCGN                                               (abs)        000EB6
_IOCGP                                               (abs)        000EB7
_LATA                                                (abs)        000F79
_LATB                                                (abs)        000F7A
_LATC                                                (abs)        000F7B
_LATD                                                (abs)        000F7C
_LATE                                                (abs)        000F7D
_LATF                                                (abs)        000F7E
_LATG                                                (abs)        000F7F
_LATH                                                (abs)        000F80
_ODCONA                                              (abs)        000E90
_ODCONB                                              (abs)        000E98
_ODCONC                                              (abs)        000EA0
_ODCOND                                              (abs)        000EA5
_ODCONE                                              (abs)        000EAD
_ODCONF                                              (abs)        000EB2
_ODCONG                                              (abs)        000EBA
_ODCONH                                              (abs)        000EBF
_OSCCON1                                             (abs)        000E43
_OSCCON3                                             (abs)        000E45
_OSCEN                                               (abs)        000E47
_OSCFRQ                                              (abs)        000E49
_OSCTUNE                                             (abs)        000E48
_PIE0bits                                            (abs)        000E29
_PIN_MANAGER_Initialize                              text2        000FFA
_PIR0bits                                            (abs)        000E33
_PIR3bits                                            (abs)        000E36
_PORTA                                               (abs)        000F89
_PORTB                                               (abs)        000F8A
_PORTC                                               (abs)        000F8B
_PORTD                                               (abs)        000F8C
_PORTE                                               (abs)        000F8D
_PORTF                                               (abs)        000F8E
_PORTG                                               (abs)        000F8F
_PORTH                                               (abs)        000F90
_RC1REG                                              (abs)        000F98
_RC1STA                                              (abs)        000F9C
_RC1STAbits                                          (abs)        000F9C
_RC6PPS                                              (abs)        000E68
_RX1PPS                                              (abs)        000E0F
_SLRCONA                                             (abs)        000E8F
_SLRCONB                                             (abs)        000E97
_SLRCONC                                             (abs)        000E9F
_SLRCOND                                             (abs)        000EA4
_SLRCONE                                             (abs)        000EAC
_SLRCONF                                             (abs)        000EB1
_SLRCONG                                             (abs)        000EB9
_SLRCONH                                             (abs)        000EBE
_SP1BRGH                                             (abs)        000F9B
_SP1BRGL                                             (abs)        000F9A
_SYSTEM_Initialize                                   text1        0012C6
_TRISA                                               (abs)        000F81
_TRISB                                               (abs)        000F82
_TRISC                                               (abs)        000F83
_TRISD                                               (abs)        000F84
_TRISE                                               (abs)        000F85
_TRISF                                               (abs)        000F86
_TRISG                                               (abs)        000F87
_TRISH                                               (abs)        000F88
_TX1REG                                              (abs)        000F99
_TX1STA                                              (abs)        000F9D
_TX1STAbits                                          (abs)        000F9D
_UART1                                               smallconst   000E01
_UART_SendPinLow                                     text13       0010A2
_UART_SendString                                     text14       001160
_WPUA                                                (abs)        000E91
_WPUB                                                (abs)        000E99
_WPUC                                                (abs)        000EA1
_WPUD                                                (abs)        000EA6
_WPUE                                                (abs)        000EAE
_WPUF                                                (abs)        000EB3
_WPUG                                                (abs)        000EBB
_WPUH                                                (abs)        000EC0
__HRAM                                               (abs)        000000
__H__absolute__                                      __absolute__ 000000
__Habs1                                              abs1         000000
__Hbank0                                             bank0        000000
__Hbank1                                             bank1        000000
__Hbank10                                            bank10       000000
__Hbank11                                            bank11       000000
__Hbank12                                            bank12       000000
__Hbank13                                            bank13       000000
__Hbank2                                             bank2        000000
__Hbank3                                             bank3        000000
__Hbank4                                             bank4        000000
__Hbank5                                             bank5        000000
__Hbank6                                             bank6        000000
__Hbank7                                             bank7        000000
__Hbank8                                             bank8        000000
__Hbank9                                             bank9        000000
__Hbigbss                                            bigbss       000000
__Hbigdata                                           bigdata      000000
__Hbigram                                            bigram       000000
__Hbigsfr                                            bigsfr       000000
__Hbss                                               bss          000000
__HbssCOMRAM                                         bssCOMRAM    000000
__Hcinit                                             cinit        000000
__Hclrtext                                           clrtext      000000
__Hcomram                                            comram       000000
__Hconfig                                            config       30000C
__Hconst                                             const        000000
__HcstackCOMRAM                                      cstackCOMRAM 000000
__Hdata                                              data         000000
__HdataCOMRAM                                        dataCOMRAM   000000
__Heeprom_data                                       eeprom_data  000000
__Hfarbss                                            farbss       000000
__Hfardata                                           fardata      000000
__Hheap                                              heap         000000
__Hibigdata                                          ibigdata     000000
__Hidata                                             idata        000000
__HidataCOMRAM                                       idataCOMRAM  000000
__Hidloc                                             idloc        000000
__Hifardata                                          ifardata     000000
__Hinit                                              init         020000
__Hintcode                                           intcode      000008
__Hintcode_body                                      intcode_body 000000
__Hintcodelo                                         intcodelo    000018
__Hintentry                                          intentry     000000
__Hintret                                            intret       000000
__Hintsave_regs                                      intsave_regs 000000
__Hirdata                                            irdata       000000
__Hmediumconst                                       mediumconst  000000
__HnvFARRAM                                          nvFARRAM     000000
__Hnvbit                                             nvbit        000000
__Hnvrram                                            nvrram       000000
__Hparam                                             rparam       000000
__Hpowerup                                           powerup      000000
__Hram                                               ram          000000
__Hramtop                                            ramtop       000E00
__Hrbit                                              rbit         000000
__Hrbss                                              rbss         000000
__Hrdata                                             rdata        000000
__Hreset_vec                                         reset_vec    000004
__Hrparam                                            rparam       000000
__Hsfr                                               sfr          000000
__Hsivt_hi                                           sivt_hi      000000
__Hsivt_lo                                           sivt_lo      000018
__Hsmallconst                                        smallconst   000E60
__Hspace_0                                           (abs)        020000
__Hspace_1                                           (abs)        000060
__Hspace_2                                           (abs)        000000
__Hspace_4                                           (abs)        60000C
__Hstack                                             stack        000000
__Hstruct                                            struct       000000
__Htemp                                              temp         000000
__Htext                                              text         000000
__Htext0                                             text0        000000
__Htext1                                             text1        000000
__Htext10                                            text10       000000
__Htext11                                            text11       000000
__Htext12                                            text12       000000
__Htext13                                            text13       000000
__Htext14                                            text14       000000
__Htext15                                            text15       000000
__Htext16                                            text16       000000
__Htext2                                             text2        000000
__Htext3                                             text3        000000
__Htext4                                             text4        000000
__Htext5                                             text5        000000
__Htext6                                             text6        000000
__Htext7                                             text7        000000
__Htext8                                             text8        000000
__Htext9                                             text9        000000
__LRAM                                               (abs)        000001
__L__absolute__                                      __absolute__ 000000
__Labs1                                              abs1         000000
__Lbank0                                             bank0        000000
__Lbank1                                             bank1        000000
__Lbank10                                            bank10       000000
__Lbank11                                            bank11       000000
__Lbank12                                            bank12       000000
__Lbank13                                            bank13       000000
__Lbank2                                             bank2        000000
__Lbank3                                             bank3        000000
__Lbank4                                             bank4        000000
__Lbank5                                             bank5        000000
__Lbank6                                             bank6        000000
__Lbank7                                             bank7        000000
__Lbank8                                             bank8        000000
__Lbank9                                             bank9        000000
__Lbigbss                                            bigbss       000000
__Lbigdata                                           bigdata      000000
__Lbigram                                            bigram       000000
__Lbigsfr                                            bigsfr       000000
__Lbss                                               bss          000000
__LbssCOMRAM                                         bssCOMRAM    000000
__Lcinit                                             cinit        000000
__Lclrtext                                           clrtext      000000
__Lcomram                                            comram       000000
__Lconfig                                            config       000000
__Lconst                                             const        000000
__LcstackCOMRAM                                      cstackCOMRAM 000000
__Ldata                                              data         000000
__LdataCOMRAM                                        dataCOMRAM   000000
__Leeprom_data                                       eeprom_data  000000
__Lfarbss                                            farbss       000000
__Lfardata                                           fardata      000000
__Lheap                                              heap         000000
__Libigdata                                          ibigdata     000000
__Lidata                                             idata        000000
__LidataCOMRAM                                       idataCOMRAM  000000
__Lidloc                                             idloc        000000
__Lifardata                                          ifardata     000000
__Linit                                              init         01FFFC
__Lintcode                                           intcode      000008
__Lintcode_body                                      intcode_body 000000
__Lintcodelo                                         intcodelo    000018
__Lintentry                                          intentry     000000
__Lintret                                            intret       000000
__Lintsave_regs                                      intsave_regs 000000
__Lirdata                                            irdata       000000
__Lmediumconst                                       mediumconst  000000
__LnvFARRAM                                          nvFARRAM     000000
__Lnvbit                                             nvbit        000000
__Lnvrram                                            nvrram       000000
__Lparam                                             rparam       000000
__Lpowerup                                           powerup      000000
__Lram                                               ram          000000
__Lramtop                                            ramtop       000E00
__Lrbit                                              rbit         000000
__Lrbss                                              rbss         000000
__Lrdata                                             rdata        000000
__Lreset_vec                                         reset_vec    000000
__Lrparam                                            rparam       000000
__Lsfr                                               sfr          000000
__Lsivt_hi                                           sivt_hi      000000
__Lsivt_lo                                           sivt_lo      000018
__Lsmallconst                                        smallconst   000E00
__Lspace_0                                           (abs)        000000
__Lspace_1                                           (abs)        000000
__Lspace_2                                           (abs)        000000
__Lspace_4                                           (abs)        000000
__Lstack                                             stack        000000
__Lstruct                                            struct       000000
__Ltemp                                              temp         000000
__Ltext                                              text         000000
__Ltext0                                             text0        000000
__Ltext1                                             text1        000000
__Ltext10                                            text10       000000
__Ltext11                                            text11       000000
__Ltext12                                            text12       000000
__Ltext13                                            text13       000000
__Ltext14                                            text14       000000
__Ltext15                                            text15       000000
__Ltext16                                            text16       000000
__Ltext2                                             text2        000000
__Ltext3                                             text3        000000
__Ltext4                                             text4        000000
__Ltext5                                             text5        000000
__Ltext6                                             text6        000000
__Ltext7                                             text7        000000
__Ltext8                                             text8        000000
__Ltext9                                             text9        000000
__S0                                                 (abs)        020000
__S1                                                 (abs)        000060
__S4                                                 (abs)        000000
__S5                                                 (abs)        000000
___heap_hi                                           (abs)        000000
___heap_lo                                           (abs)        000000
___inthi_sp                                          stack        000000
___inthi_stack_hi                                    stack        000000
___inthi_stack_lo                                    stack        000000
___intlo_sp                                          stack        000000
___intlo_stack_hi                                    stack        000000
___intlo_stack_lo                                    stack        000000
___param_bank                                        (abs)        000000
___rparam_used                                       (abs)        000001
___sp                                                stack        000000
___stack_hi                                          stack        000000
___stack_lo                                          stack        000000
__accesstop                                          (abs)        000060
__activetblptr                                       (abs)        000003
__end_of_CLOCK_Initialize                            text11       0012EA
__end_of_CheckPort                                   text12       000FFA
__end_of_EUSART1_FramingErrorCallbackRegister        text10       0012C6
__end_of_EUSART1_Initialize                          text8        001228
__end_of_EUSART1_IsTxReady                           text16       001282
__end_of_EUSART1_OverrunErrorCallbackRegister        text9        0012A4
__end_of_EUSART1_Write                               text15       001328
__end_of_INT0_SetInterruptHandler                    text7        001322
__end_of_INT1_SetInterruptHandler                    text6        001314
__end_of_INT2_SetInterruptHandler                    text5        001306
__end_of_INT3_SetInterruptHandler                    text4        0012F8
__end_of_INTERRUPT_Initialize                        text3        001160
__end_of_PIN_MANAGER_Initialize                      text2        0010A2
__end_of_SYSTEM_Initialize                           text1        0012D8
__end_of_UART1                                       smallconst   000E49
__end_of_UART_SendPinLow                             text13       001104
__end_of_UART_SendString                             text14       0011B2
__end_of__initialization                             cinit        001254
__end_of_main                                        text0        000F3C
__initialization                                     cinit        001228
__mediumconst                                        smallconst   000E00
__pbssCOMRAM                                         bssCOMRAM    00003D
__pcinit                                             cinit        001228
__pcstackCOMRAM                                      cstackCOMRAM 000051
__pdataCOMRAM                                        dataCOMRAM   000001
__pidataCOMRAM                                       idataCOMRAM  0011B2
__psmallconst                                        smallconst   000E00
__ptext0                                             text0        000E60
__ptext1                                             text1        0012C6
__ptext10                                            text10       0012A4
__ptext11                                            text11       0012D8
__ptext12                                            text12       000F3C
__ptext13                                            text13       0010A2
__ptext14                                            text14       001160
__ptext15                                            text15       001322
__ptext16                                            text16       00125A
__ptext2                                             text2        000FFA
__ptext3                                             text3        001104
__ptext4                                             text4        0012EA
__ptext5                                             text5        0012F8
__ptext6                                             text6        001306
__ptext7                                             text7        001314
__ptext8                                             text8        0011EE
__ptext9                                             text9        001282
__ramtop                                             ramtop       000E00
__smallconst                                         smallconst   000E00
_eusart1RxLastError                                  bssCOMRAM    00004F
_lastA                                               dataCOMRAM   000031
_lastB                                               dataCOMRAM   000029
_lastC                                               dataCOMRAM   000021
_lastD                                               dataCOMRAM   000019
_lastE                                               dataCOMRAM   000011
_lastF                                               dataCOMRAM   000009
_lastG                                               dataCOMRAM   000001
_lastH                                               dataCOMRAM   000039
_main                                                text0        000E60
end_of_initialization                                cinit        001254
intlevel0                                            text         000000
intlevel1                                            text         000000
intlevel2                                            text         000000
intlevel3                                            text         000000
isa$std                                              (abs)        000001
isa$xinst                                            (abs)        000000
stackhi                                              (abs)        000000
stacklo                                              (abs)        000000
start                                                init         01FFFC
start_initialization                                 cinit        001228


MODULE INFORMATION

Module		Function		Class		Link	Load	Size
C:\Users\adria\OneDrive\Documente\Mplabx_projects\TestarePorturiIn.X\mcc_generated_files\system\src\interrupt.c
		_INT0_SetInterruptHandler		CODE           	1314	0000	14
		_INT1_SetInterruptHandler		CODE           	1306	0000	14
		_INT2_SetInterruptHandler		CODE           	12F8	0000	14
		_INTERRUPT_Initialize		CODE           	1104	0000	92
		_INT3_SetInterruptHandler		CODE           	12EA	0000	14

C:\Users\adria\OneDrive\Documente\Mplabx_projects\TestarePorturiIn.X\mcc_generated_files\system\src\interrupt.c estimated size: 148

C:\Users\adria\OneDrive\Documente\Mplabx_projects\TestarePorturiIn.X\mcc_generated_files\system\src\clock.c
		_CLOCK_Initialize		CODE           	12D8	0000	18

C:\Users\adria\OneDrive\Documente\Mplabx_projects\TestarePorturiIn.X\mcc_generated_files\system\src\clock.c estimated size: 18

shared
		__initialization		CODE           	1228	0000	44
		_UART1         		SMALLCONST     	0E01	0000	72

shared estimated size: 116

C:\Users\adria\OneDrive\Documente\Mplabx_projects\TestarePorturiIn.X\mcc_generated_files\system\src\system.c
		_SYSTEM_Initialize		CODE           	12C6	0000	18

C:\Users\adria\OneDrive\Documente\Mplabx_projects\TestarePorturiIn.X\mcc_generated_files\system\src\system.c estimated size: 18

C:\Users\adria\OneDrive\Documente\Mplabx_projects\TestarePorturiIn.X\mcc_generated_files\uart\src\eusart1.c
		_EUSART1_Initialize		CODE           	11EE	0000	58
		_EUSART1_Write 		CODE           	1322	0000	6
		_EUSART1_FramingErrorCallbackRegister		CODE           	12A4	0000	34
		_EUSART1_IsTxReady		CODE           	125A	0000	40
		_EUSART1_OverrunErrorCallbackRegister		CODE           	1282	0000	34

C:\Users\adria\OneDrive\Documente\Mplabx_projects\TestarePorturiIn.X\mcc_generated_files\uart\src\eusart1.c estimated size: 172

C:\Users\adria\OneDrive\Documente\Mplabx_projects\TestarePorturiIn.X\main.c
		_UART_SendString		CODE           	1160	0000	82
		_UART_SendPinLow		CODE           	10A2	0000	98
		_CheckPort     		CODE           	0F3C	0000	190
		_main          		CODE           	0E60	0000	220

C:\Users\adria\OneDrive\Documente\Mplabx_projects\TestarePorturiIn.X\main.c estimated size: 590

C:\Users\adria\OneDrive\Documente\Mplabx_projects\TestarePorturiIn.X\mcc_generated_files\system\src\pins.c
		_PIN_MANAGER_Initialize		CODE           	0FFA	0000	168

C:\Users\adria\OneDrive\Documente\Mplabx_projects\TestarePorturiIn.X\mcc_generated_files\system\src\pins.c estimated size: 168

